// Jest Snapshot v1, https://goo.gl/fbAQLP

exports[`MyFeedstocks should render correctly 1`] = `
<div>
  <myfeedstockslist-stub></myfeedstockslist-stub>
</div>
`;
